// Jest Snapshot v1, https://goo.gl/fbAQLP

exports[`The ComponentWithStyles component renders as expected 1`] = `
<div>
  <WithStyles(ExpansionPanel)>
    <WithStyles(ExpansionPanelSummary)
      expandIcon={<pure(ExpandMoreIcon) />}
    >
      <WithStyles(Typography)>
        Expansion Panel Title
      </WithStyles(Typography)>
    </WithStyles(ExpansionPanelSummary)>
    <WithStyles(ExpansionPanelDetails)>
      <WithStyles(Button)
        color="primary"
        onClick={[Function]}
        variant="contained"
      >
        Click Me
      </WithStyles(Button)>
    </WithStyles(ExpansionPanelDetails)>
  </WithStyles(ExpansionPanel)>
</div>
`;
